// Jest Snapshot v1, https://goo.gl/fbAQLP

exports[`ChelseaScene module should render correct JSX 1`] = `
<DocumentFragment>
  <div
    style="position: relative; width: 100%; height: 100%; overflow: hidden;"
  >
    <canvas
      style="display: block;"
    />
  </div>
</DocumentFragment>
`;
